---
source: src/ui.rs
expression: output
---
┌ Sessions (1) ┐┌ s1 ────────────────────────────────────────────[ COPY MODE ]─┐
│── ●  Idle    ││test output                                                   │
│>> ● s1 [Claud││                                                              │
│              ││                                                              │
│              ││                                                              │
│              ││                                                              │
│              ││                                                              │
│              ││                                                              │
│              ││                                                              │
│              ││                                                              │
│              ││                                                              │
│              ││                                                              │
│              ││                                                              │
│              ││                                                              │
│              ││                                                              │
│              ││                                                              │
│              ││                                                              │
│              ││                                                              │
│              ││                                                              │
│              ││                                                              │
│              ││                                                              │
│              ││                                                              │
└──────────────┘└──────────────────────────────────────────────────────────────┘
 SELECT TEXT TO COPY  |  c: exit copy mode
