---
source: src/ui.rs
expression: output
---
┌ Sessions (1) ┐┌ worker-1 ────────────────────────────────────────────────────┐
│── ●  Idle    ││preview                                                       │
│>> ● worker-1 ││                                                              │
│     This is a││                                                              │
│              ││                                                              │
│              ││                                                              │
│              ││                                                              │
│              ││                                                              │
│              ││                                                              │
│              ││                                                              │
│              ││                                                              │
│              ││                                                              │
│              ││                                                              │
│              ││                                                              │
│              ││                                                              │
│              ││                                                              │
│              ││                                                              │
│              ││                                                              │
│              ││                                                              │
│              ││                                                              │
│              ││                                                              │
│              ││                                                              │
└──────────────┘└──────────────────────────────────────────────────────────────┘
 j/k: nav  PgUp/Dn: scroll  Enter: compose  n: new  d: del  c: copy  q: quit
