---
source: src/ui.rs
expression: output
---
┌ Sessions (0) ┐┌ Preview ─────────────────────────────────────────────────────┐
│              ││                                                              │
│              ││                                                              │
│              ││                                                              │
│              ││                                                              │
│              ││                                                              │
│              ││                                                              │
│              ││                                                              │
│              ││                                                              │
│              ││        ┌ Select Agent ──────────────┐                        │
│              ││        │>> Claude                   │                        │
│              ││        │   Codex                    │                        │
│              ││        │   Gemini                   │                        │
│              ││        └────────────────────────────┘                        │
│              ││                                                              │
│              ││                                                              │
│              ││                                                              │
│              ││                                                              │
│              ││                                                              │
│              ││                                                              │
│              ││                                                              │
│              ││                                                              │
└──────────────┘└──────────────────────────────────────────────────────────────┘
 j/k: select agent  Enter: confirm  Esc: cancel
