---
source: src/ui.rs
assertion_line: 324
expression: output
---
┌ Sessions (0) ────────┐┌ Preview ─────────────────────────────────────────────┐
│                      ││                                                      │
│                      ││                                                      │
│                      ││                                                      │
│                      ││                                                      │
│                      ││                                                      │
│                      ││                                                      │
│                      ││                                                      │
│                      ││                                                      │
│                      ││                                                      │
│                      ││┌ Select Agent ──────────────┐                        │
│                      │││>> Claude                   │                        │
│                      │││   Codex                    │                        │
│                      ││└────────────────────────────┘                        │
│                      ││                                                      │
│                      ││                                                      │
│                      ││                                                      │
│                      ││                                                      │
│                      ││                                                      │
│                      ││                                                      │
│                      ││                                                      │
│                      ││                                                      │
└──────────────────────┘└──────────────────────────────────────────────────────┘
 j/k: select agent  Enter: confirm  Esc: cancel
