---
source: src/ui.rs
expression: output
---
┌ Sessions (1) ┐┌ worker-1 ────────────────────────────────────────────────────┐
│>> ● worker-1 ││preview content                                               │
│              ││                                                              │
│              ││                                                              │
│              ││                                                              │
│              ││                                                              │
│              ││                                                              │
│              ││                                                              │
│              ││                                                              │
│              ││                                                              │
│              ││                                                              │
│              ││                                                              │
│              ││                                                              │
│              ││                                                              │
│              ││                                                              │
│              ││                                                              │
└──────────────┘│                                                              │
┌ Stats ───────┐│                                                              │
│$0.03 6.0k 2✎ ││                                                              │
└──────────────┘│                                                              │
┌ Changes ─────┐│                                                              │
│ old.rs   -20 ││                                                              │
└──────────────┘└──────────────────────────────────────────────────────────────┘
 j/k: navigate  Enter: attach  n: new  d: delete  q: quit
