---
source: src/ui.rs
expression: output
---
┌ Sessions (1) ┐╔ active-session ══════════════════════════════════════════════╗
│── ●  Idle    │║$ claude                                                      ║
│>> ● active-se│║Hello, how can I help?                                        ║
│              │║                                                              ║
│              │║                                                              ║
│              │║                                                              ║
│              │║                                                              ║
│              │║                                                              ║
│              │║                                                              ║
│              │║                                                              ║
│              │║                                                              ║
│              │║                                                              ║
│              │║                                                              ║
│              │║                                                              ║
│              │║                                                              ║
│              │║                                                              ║
│              │║                                                              ║
│              │║                                                              ║
│              │║                                                              ║
│              │║                                                              ║
│              │║                                                              ║
│              │║                                                              ║
└──────────────┘╚══════════════════════════════════════════════════════════════╝
 Esc: detach  (keys forwarded to session)
