---
source: src/ui.rs
expression: output
---
┌ Sessions (3) ┐┌ worker-1 ────────────────────────────────────────────────────┐
│── ●  Idle    ││some preview content                                          │
│>> ● worker-1 ││                                                              │
│   ● worker-2 ││                                                              │
│   ● research ││                                                              │
│              ││                                                              │
│              ││                                                              │
│              ││                                                              │
│              ││                                                              │
│              ││                                                              │
│              ││                                                              │
│              ││                                                              │
│              ││                                                              │
│              ││                                                              │
│              ││                                                              │
│              ││                                                              │
│              ││                                                              │
│              ││                                                              │
│              ││                                                              │
│              ││                                                              │
│              ││                                                              │
│              ││                                                              │
└──────────────┘└──────────────────────────────────────────────────────────────┘
 j/k: navigate  Enter: attach  n: new  d: delete  q: quit
