---
source: src/ui.rs
expression: output
---
┌ Sessions (2) ┐┌ worker-1 ────────────────────────────────────────────────────┐
│── ●  Idle    ││preview                                                       │
│>> ● worker-1 ││                                                              │
│     I'll help││                                                              │
│   ● worker-2 ││                                                              │
│              ││                                                              │
│              ││                                                              │
│              ││                                                              │
│              ││                                                              │
│              ││                                                              │
│              ││                                                              │
│              ││                                                              │
│              ││                                                              │
│              ││                                                              │
│              ││                                                              │
│              ││                                                              │
│              ││                                                              │
│              ││                                                              │
│              ││                                                              │
│              ││                                                              │
│              ││                                                              │
│              ││                                                              │
└──────────────┘└──────────────────────────────────────────────────────────────┘
 j/k: navigate  Enter: attach  n: new  d: delete  q: quit
