---
source: src/ui.rs
expression: output
---
┌ Sessions (1) ┐┌ worker-1 ────────────────────────────────────────────────────┐
│── ●  Idle    ││some preview content                                          │
│>> ● worker-1 ││                                                              │
│              ││                                                              │
│              ││                                                              │
│              ││                                                              │
│              ││                                                              │
│              ││                                                              │
│              ││                                                              │
│              ││                                                              │
│              ││                                                              │
│              ││                                                              │
└──────────────┘│                                                              │
┌ Stats ───────┐│                                                              │
│$0.18 34.7k 8✎││                                                              │
└──────────────┘│                                                              │
┌ Changes ─────┐│                                                              │
│ README.md +8 ││                                                              │
│ src/         ││                                                              │
│  app…+45-12  ││                                                              │
│  new_mo…new  ││                                                              │
│  ui.rs +30-5 ││                                                              │
└──────────────┘└──────────────────────────────────────────────────────────────┘
 j/k: navigate  Enter: attach  n: new  d: delete  q: quit
