---
source: src/ui.rs
expression: output
---
┌ Sessions (3) ┐┌ running-one ─────────────────────────────────────────────────┐
│── ●  Idle    ││running session output                                        │
│   ● idle-one ││                                                              │
│── ●  Running ││                                                              │
│>> ● running-o││                                                              │
│── ●  Exited  ││                                                              │
│   ● exited-on││                                                              │
│              ││                                                              │
│              ││                                                              │
│              ││                                                              │
│              ││                                                              │
│              ││                                                              │
│              ││                                                              │
│              ││                                                              │
│              ││                                                              │
│              ││                                                              │
│              ││                                                              │
│              ││                                                              │
│              ││                                                              │
│              ││                                                              │
│              ││                                                              │
│              ││                                                              │
└──────────────┘└──────────────────────────────────────────────────────────────┘
 j/k: nav  PgUp/Dn: scroll  Enter: compose  n: new  d: del  c: copy  q: quit
