---
source: src/ui.rs
expression: output
---
┌ Sessions (1) ┐┌ worker-1 ────────────────────────────────────────────────────┐
│>> ● worker-1 ││some preview content                                          │
│              ││                                                              │
│              ││                                                              │
│              ││                                                              │
│              ││                                                              │
│              ││                                                              │
│              ││                                                              │
│              ││                                                              │
│              ││                                                              │
│              ││                                                              │
│              ││                                                              │
│              ││                                                              │
│              ││                                                              │
│              ││                                                              │
│              ││                                                              │
└──────────────┘│                                                              │
────────────────│                                                              │
$0.18 34.7k 8✎ +│                                                              │
────────────────│                                                              │
 app.rs         │                                                              │
 main.rs        │                                                              │
 ui.rs          └──────────────────────────────────────────────────────────────┘
 j/k: navigate  Enter: attach  n: new  d: delete  q: quit
