---
source: src/ui.rs
expression: output
---
┌ Sessions (1) ┐╔ active-session ══════════════════════════════════════════════╗
│>> ● active-se│║$ claude                                                      ║
│              │║Hello, how can I help?                                        ║
│              │║                                                              ║
│              │║                                                              ║
│              │║                                                              ║
│              │║                                                              ║
│              │║                                                              ║
│              │║                                                              ║
│              │║                                                              ║
│              │║                                                              ║
│              │║                                                              ║
│              │║                                                              ║
│              │║                                                              ║
│              │║                                                              ║
│              │║                                                              ║
│              │║                                                              ║
│              │║                                                              ║
│              │║                                                              ║
│              │║                                                              ║
│              │║                                                              ║
│              │║                                                              ║
└──────────────┘╚══════════════════════════════════════════════════════════════╝
 Esc: detach  (keys forwarded to session)
