---
source: src/ui.rs
expression: output
---
┌ Sessions (1) ────────┐┌ doomed-session ──────────────────────────────────────┐
│>> ● doomed-session [C││                                                      │
│                      ││                                                      │
│                      ││                                                      │
│                      ││                                                      │
│                      ││                                                      │
│                      ││                                                      │
│                      ││                                                      │
│                      ││                                                      │
│                   ┌ Confirm Delete ──────────────────────┐                   │
│                   │ Kill session 'doomed-session'? (y/n) │                   │
│                   │                                      │                   │
│                   │                                      │                   │
│                   └──────────────────────────────────────┘                   │
│                      ││                                                      │
│                      ││                                                      │
│                      ││                                                      │
│                      ││                                                      │
│                      ││                                                      │
│                      ││                                                      │
│                      ││                                                      │
│                      ││                                                      │
└──────────────────────┘└──────────────────────────────────────────────────────┘
 y: confirm delete  Esc: cancel
