---
source: src/ui.rs
expression: output
---
┌ Sessions (1) ┐┌ worker-1 ────────────────────────────────────────────────────┐
│── ●  Idle    ││some preview content                                          │
│>> ● worker-1 ││                                                              │
│              ││                                                              │
│              ││                                                              │
│              ││                                                              │
│              ││                                                              │
│              ││                                                              │
│              ││                                                              │
│              ││                                                              │
└──────────────┘│                                                              │
┌ Stats ───────┐│                                                              │
│Cl $0.18 34.7k││                                                              │
│Cx $0.00     0││                                                              │
│Ge $0.00     0││                                                              │
└──────────────┘│                                                              │
┌ Changes ─────┐│                                                              │
│├ src/ +75-17 ││                                                              │
││ ├ a… +45-12 ││                                                              │
││ ├ new_… new ││                                                              │
││ └ ui… +30-5 ││                                                              │
│└ README.… +8 ││                                                              │
└──────────────┘└──────────────────────────────────────────────────────────────┘
 j/k: nav  PgUp/Dn: scroll  Enter: compose  n: new  d: del  c: copy  q: quit
