---
source: src/ui.rs
expression: output
---
┌ Sessions (0) ┐┌ Preview ─────────────────────────────────────────────────────┐
│              ││No sessions. Press 'n' to create one.                         │
│              ││                                                              │
│              ││                                                              │
│              ││                                                              │
│              ││                                                              │
│              ││                                                              │
│              ││                                                              │
│              ││                                                              │
│              ││                                                              │
│              ││                                                              │
│              ││                                                              │
│              ││                                                              │
│              ││                                                              │
│              ││                                                              │
│              ││                                                              │
│              ││                                                              │
│              ││                                                              │
│              ││                                                              │
│              ││                                                              │
│              ││                                                              │
│              ││                                                              │
└──────────────┘└──────────────────────────────────────────────────────────────┘
 Created session 'worker-1' with Claude | j/k: nav  PgUp/Dn: scroll  Enter: comp
