---
source: src/ui.rs
expression: output
---
┌ Sessions (1) ┐┏ active-session ━━━━━━━━━━━━━━━━━━━━━━━━━━━━━━━━━━━━━━━━━━━━━━┓
│── ●  Idle    │┃$ claude                                                      ┃
│>> ● active-se│┃Hello, how can I help?                                        ┃
│              │┃                                                              ┃
│              │┃                                                              ┃
│              │┃                                                              ┃
│              │┃                                                              ┃
│              │┃                                                              ┃
│              │┃                                                              ┃
│              │┃                                                              ┃
│              │┃                                                              ┃
│              │┃                                                              ┃
│              │┃                                                              ┃
│              │┃                                                              ┃
│              │┃                                                              ┃
│              │┃                                                              ┃
│              │┃                                                              ┃
│              │┃                                                              ┃
│              │┗━━━━━━━━━━━━━━━━━━━━━━━━━━━━━━━━━━━━━━━━━━━━━━━━━━━━━━━━━━━━━━┛
│              │╔ Compose ═════════════════════════════════════════════════════╗
│              │║                                                              ║
│              │║Enter: send | Esc: cancel                                     ║
└──────────────┘╚══════════════════════════════════════════════════════════════╝
 Enter: send  Esc: cancel
